Active code page: 65001
CPU Instruction Info: [AVX2: ON] [AVX512F: ON] [AVX512_VNNI: ON] [AVX512_BF16: ON] [AMX: OFF]
AVX: ON
AVX2: ON
AARCH64: OFF
Neon FP16: OFF
Neon DOT: OFF
Setting device map to CUDA (GPU)
Load 0 Load 0 Load 0 Load 0 Load 0 Load 0 Load 0 Load 0 Load 0 Load 0 Load 0 Load 0 Load 0 Load 0 Load 0 Load 0 Load 0 Load 0 Load 0 Load 0 Load 1 Load 1 Load 1 Load 1 Load 1 Load 1 Load 1 Load 1 Load 1 Load 1 Load 1 Load 1 Load 1 Load 1 Load 1 Load 1 Load 1 Load 1 Load 1 Load 1 Load 2 Load 2 Load 2 Load 2 Load 2 Load 2 Load 2 Load 2 Load 2 Load 2 Load 2 Load 2 Load 2 Load 2 Load 2 Load 2 Load 2 Load 2 Load 2 Load 2 Load 3 Load 3 Load 3 Load 3 Load 3 Load 3 Load 3 Load 3 Load 3 Load 3 Load 3 Load 3 Load 3 Load 3 Load 3 Load 3 Load 3 Load 3 Load 3 Load 3 Load 4 Load 4 Load 4 Load 4 Load 4 Load 4 Load 4 Load 4 Load 4 Load 4 Load 4 Load 4 Load 4 Load 4 Load 4 Load 4 Load 4 Load 4 Load 4 Load 4 Load 5 Load 5 Load 5 Load 5 Load 5 Load 5 Load 5 Load 5 Load 5 Load 5 Load 5 Load 5 Load 5 Load 5 Load 5 Load 5 Load 5 Load 5 Load 5 Load 5 Load 6 Load 6 Load 6 Load 6 Load 6 Load 6 Load 6 Load 6 Load 6 Load 6 Load 6 Load 6 Load 6 Load 6 Load 6 Load 6 Load 6 Load 6 Load 6 Load 6 Load 7 Load 7 Load 7 Load 7 Load 7 Load 7 Load 7 Load 7 Load 7 Load 7 Load 7 Load 7 Load 7 Load 7 Load 7 Load 7 Load 7 Load 7 Load 7 Load 7 Load 8 Load 8 Load 8 Load 8 Load 8 Load 8 Load 8 Load 8 Load 8 Load 8 Load 8 Load 8 Load 8 Load 8 Load 8 Load 8 Load 8 Load 8 Load 8 Load 8 Load 9 Load 9 Load 9 Load 9 Load 9 Load 9 Load 9 Load 9 Load 9 Load 9 Load 9 Load 9 Load 9 Load 9 Load 9 Load 9 Load 9 Load 9 Load 9 Load 9 Load 9 Load 10 Load 10 Load 10 Load 10 Load 10 Load 10 Load 10 Load 10 Load 10 Load 10 Load 10 Load 10 Load 10 Load 10 Load 10 Load 10 Load 10 Load 10 Load 10 Load 10 Load 11 Load 11 Load 11 Load 11 Load 11 Load 11 Load 11 Load 11 Load 11 Load 11 Load 11 Load 11 Load 11 Load 11 Load 11 Load 11 Load 11 Load 11 Load 11 Load 11 Load 12 Load 12 Load 12 Load 12 Load 12 Load 12 Load 12 Load 12 Load 12 Load 12 Load 12 Load 12 Load 12 Load 12 Load 12 Load 12 Load 12 Load 12 Load 12 Load 12 Load 13 Load 13 Load 13 Load 13 Load 13 Load 13 Load 13 Load 13 Load 13 Load 13 Load 13 Load 13 Load 13 Load 13 Load 13 Load 13 Load 13 Load 13 Load 13 Load 13 Load 14 Load 14 Load 14 Load 14 Load 14 Load 14 Load 14 Load 14 Load 14 Load 14 Load 14 Load 14 Load 14 Load 14 Load 14 Load 14 Load 14 Load 14 Load 14 Load 14 Load 15 Load 15 Load 15 Load 15 Load 15 Load 15 Load 15 Load 15 Load 15 Load 15 Load 15 Load 15 Load 15 Load 15 Load 15 Load 15 Load 15 Load 15 Load 15 Load 15 Load 16 Load 16 Load 16 Load 16 Load 16 Load 16 Load 16 Load 16 Load 16 Load 16 Load 16 Load 16 Load 16 Load 16 Load 16 Load 16 Load 16 Load 16 Load 16 Load 16 Load 17 Load 17 Load 17 Load 17 Load 17 Load 17 Load 17 Load 17 Load 17 Load 17 Load 17 Load 17 Load 17 Load 17 Load 17 Load 17 Load 17 Load 17 Load 17 Load 17 Load 18 Load 18 Load 18 Load 18 Load 18 Load 18 Load 18 Load 18 Load 18 Load 18 Load 18 Load 18 Load 18 Load 18 Load 18 Load 18 Load 18 Load 18 Load 18 Load 18 Load 18 Load 19 Load 19 Load 19 Load 19 Load 19 Load 19 Load 19 Load 19 Load 19 Load 19 Load 19 Load 19 Load 19 Load 19 Load 19 Load 19 Load 19 Load 19 Load 19 Load 19 Load 20 Load 20 Load 20 Load 20 Load 20 Load 20 Load 20 Load 20 Load 20 Load 20 Load 20 Load 20 Load 20 Load 20 Load 20 Load 20 Load 20 Load 20 Load 20 Load 20 Load 21 Load 21 Load 21 Load 21 Load 21 Load 21 Load 21 Load 21 Load 21 Load 21 Load 21 Load 21 Load 21 Load 21 Load 21 Load 21 Load 21 Load 21 Load 21 Load 21 Load 22 Load 22 Load 22 Load 22 Load 22 Load 22 Load 22 Load 22 Load 22 Load 22 Load 22 Load 22 Load 22 Load 22 Load 22 Load 22 Load 22 Load 22 Load 22 Load 22 Load 23 Load 23 Load 23 Load 23 Load 23 Load 23 Load 23 Load 23 Load 23 Load 23 Load 23 Load 23 Load 23 Load 23 Load 23 Load 23 Load 23 Load 23 Load 23 Load 23 Load 24 Load 24 Load 24 Load 24 Load 24 Load 24 Load 24 Load 24 Load 24 Load 24 Load 24 Load 24 Load 24 Load 24 Load 24 Load 24 Load 24 Load 24 Load 24 Load 24 Load 25 Load 25 Load 25 Load 25 Load 25 Load 25 Load 25 Load 25 Load 25 Load 25 Load 25 Load 25 Load 25 Load 25 Load 25 Load 25 Load 25 Load 25 Load 25 Load 25 Load 26 Load 26 Load 26 Load 26 Load 26 Load 26 Load 26 Load 26 Load 26 Load 26 Load 26 Load 26 Load 26 Load 26 Load 26 Load 26 Load 26 Load 26 Load 26 Load 26 Load 27 Load 27 Load 27 Load 27 Load 27 Load 27 Load 27 Load 27 Load 27 Load 27 Load 27 Load 27 Load 27 Load 27 Load 27 Load 27 Load 27 Load 27 Load 27 Load 27 Load 27 Load 28 Load 28 Load 28 Load 28 Load 28 Load 28 Load 28 Load 28 Load 28 Load 28 Load 28 Load 28 Load 28 Load 28 Load 28 Load 28 Load 28 Load 28 Load 28 Load 28 Load 29 Load 29 Load 29 Load 29 Load 29 Load 29 Load 29 Load 29 Load 29 Load 29 Load 29 Load 29 Load 29 Load 29 Load 29 Load 29 Load 29 Load 29 Load 29 Load 29 Load 30 Load 30 Load 30 Load 30 Load 30 Load 30 Load 30 Load 30 Load 30 Load 30 Load 30 Load 30 Load 30 Load 30 Load 30 Load 30 Load 30 Load 30 Load 30 Load 30 Load 31 Load 31 Load 31 Load 31 Load 31 Load 31 Load 31 Load 31 Load 31 Load 31 Load 31 Load 31 Load 31 Load 31 Load 31 Load 31 Load 31 Load 31 Load 31 Load 31 Load 32 Load 32 Load 32 Load 32 Load 32 Load 32 Load 32 Load 32 Load 32 Load 32 Load 32 Load 32 Load 32 Load 32 Load 32 Load 32 Load 32 Load 32 Load 32 Load 32 Load 33 Load 33 Load 33 Load 33 Load 33 Load 33 Load 33 Load 33 Load 33 Load 33 Load 33 Load 33 Load 33 Load 33 Load 33 Load 33 Load 33 Load 33 Load 33 Load 33 Load 34 Load 34 Load 34 Load 34 Load 34 Load 34 Load 34 Load 34 Load 34 Load 34 Load 34 Load 34 Load 34 Load 34 Load 34 Load 34 Load 34 Load 34 Load 34 Load 34 Load 35 Load 35 Load 35 Load 35 Load 35 Load 35 Load 35 Load 35 Load 35 Load 35 Load 35 Load 35 Load 35 Load 35 Load 35 Load 35 Load 35 Load 35 Load 35 Load 35 Load 36 Load 36 Load 36 Load 36 Load 36 Load 36 Load 36 Load 36 Load 36 Load 36 Load 36 Load 36 Load 36 Load 36 Load 36 Load 36 Load 36 Load 36 Load 36 Load 36 Load 36 Load 37 Load 37 Load 37 Load 37 Load 37 Load 37 Load 37 Load 37 Load 37 Load 37 Load 37 Load 37 Load 37 Load 37 Load 37 Load 37 Load 37 Load 37 Load 37 Load 37 Load 38 Load 38 Load 38 Load 38 Load 38 Load 38 Load 38 Load 38 Load 38 Load 38 Load 38 Load 38 Load 38 Load 38 Load 38 Load 38 Load 38 Load 38 Load 38 Load 38 Load 39 Load 39 Load 39 Load 39 Load 39 Load 39 Load 39 Load 39 Load 39 Load 39 Load 39 Load 39 Load 39 Load 39 Load 39 Load 39 Load 39 Load 39 Load 39 Load 39 Load 40 Load 40 Load 40 Load 40 Load 40 Load 40 Load 40 Load 40 Load 40 Load 40 Load 40 Load 40 Load 40 Load 40 Load 40 Load 40 Load 40 Load 40 Load 40 Load 40 Load 41 Load 41 Load 41 Load 41 Load 41 Load 41 Load 41 Load 41 Load 41 Load 41 Load 41 Load 41 Load 41 Load 41 Load 41 Load 41 Load 41 Load 41 Load 41 Load 41 Load 42 Load 42 Load 42 Load 42 Load 42 Load 42 Load 42 Load 42 Load 42 Load 42 Load 42 Load 42 Load 42 Load 42 Load 42 Load 42 Load 42 Load 42 Load 42 Load 42 Load 43 Load 43 Load 43 Load 43 Load 43 Load 43 Load 43 Load 43 Load 43 Load 43 Load 43 Load 43 Load 43 Load 43 Load 43 Load 43 Load 43 Load 43 Load 43 Load 43 Load 44 Load 44 Load 44 Load 44 Load 44 Load 44 Load 44 Load 44 Load 44 Load 44 Load 44 Load 44 Load 44 Load 44 Load 44 Load 44 Load 44 Load 44 Load 44 Load 44 Load 45 Load 45 Load 45 Load 45 Load 45 Load 45 Load 45 Load 45 Load 45 Load 45 Load 45 Load 45 Load 45 Load 45 Load 45 Load 45 Load 45 Load 45 Load 45 Load 45 Load 45 Load 46 Load 46 Load 46 Load 46 Load 46 Load 46 Load 46 Load 46 Load 46 Load 46 Load 46 Load 46 Load 46 Load 46 Load 46 Load 46 Load 46 Load 46 Load 46 Load 46 Load 47 Load 47 Load 47 Load 47 Load 47 Load 47 Load 47 Load 47 Load 47 Load 47 Load 47 Load 47 Load 47 Load 47 Load 47 Load 47 Load 47 Load 47 Load 47 Load 47 Load 48 Load 48 Load 48 Load 48 Load 48 Load 48 Load 48 Load 48 Load 48 Load 48 Load 48 Load 48 Load 48 Load 48 Load 48 Load 48 Load 48 Load 48 Load 48 Load 48 Load 49 Load 49 Load 49 Load 49 Load 49 Load 49 Load 49 Load 49 Load 49 Load 49 Load 49 Load 49 Load 49 Load 49 Load 49 Load 49 Load 49 Load 49 Load 49 Load 49 Load 50 Load 50 Load 50 Load 50 Load 50 Load 50 Load 50 Load 50 Load 50 Load 50 Load 50 Load 50 Load 50 Load 50 Load 50 Load 50 Load 50 Load 50 Load 50 Load 50 Load 51 Load 51 Load 51 Load 51 Load 51 Load 51 Load 51 Load 51 Load 51 Load 51 Load 51 Load 51 Load 51 Load 51 Load 51 Load 51 Load 51 Load 51 Load 51 Load 51 Load 52 Load 52 Load 52 Load 52 Load 52 Load 52 Load 52 Load 52 Load 52 Load 52 Load 52 Load 52 Load 52 Load 52 Load 52 Load 52 Load 52 Load 52 Load 52 Load 52 Load 53 Load 53 Load 53 Load 53 Load 53 Load 53 Load 53 Load 53 Load 53 Load 53 Load 53 Load 53 Load 53 Load 53 Load 53 Load 53 Load 53 Load 53 Loading 0 Loading 0 Loading 0 Loading 0 Loading 0 Loading 0 Loading 0 Loading 0 Loading 0 Loading 0 Loading 1 Loading 1 Loading 1 Loading 1 Loading 1 Loading 1 Loading 1 Loading 1 Loading 1 Loading 1 Loading 1 Loading 2 Loading 2 Loading 2 Loading 2 Loading 2 Loading 2 Loading 2 Loading 2 Loading 2 Loading 2 Loading 2 Loading 3 Loading 3 Loading 3 Loading 3 Loading 3 Loading 3 Loading 3 Loading 3 Loading 3 Loading 3 Loading 3 Loading 4 Loading 4 Loading 4 Loading 4 Loading 4 Loading 4 Loading 4 Loading 4 Loading 4 Loading 4 Loading 4 Loading 5 Loading 5 Loading 5 Loading 5 Loading 5 Loading 5 Loading 5 Loading 5 Loading 5 Loading 5 Loading 6 Loading 6 Loading 6 Loading 6 Loading 6 Loading 6 Loading 6 Loading 6 Loading 6 Loading 6 Loading 6 Loading 7 Loading 7 Loading 7 Loading 7 Loading 7 Loading 7 Loading 7 Loading 7 Loading 7 Loading 7 Loading 7 Loading 8 Loading 8 Loading 8 Loading 8 Loading 8 Loading 8 Loading 8 Loading 8 Loading 8 Loading 8 Loading 8 Loading 9 Loading 9 Loading 9 Loading 9 Loading 9 Loading 9 Loading 9 Loading 9 Loading 9 Loading 9 Loading 9 Loading 10 Loading 10 Loading 10 Loading 10 Loading 10 Loading 10 Loading 10 Loading 10 Loading 10 Loading 10 Loading 10 Loading 11 Loading 11 Loading 11 Loading 11 Loading 11 Loading 11 Loading 11 Loading 11 Loading 11 Loading 11 Loading 12 Loading 12 Loading 12 Loading 12 Loading 12 Loading 12 Loading 12 Loading 12 Loading 12 Loading 12 Loading 12 Loading 13 Loading 13 Loading 13 Loading 13 Loading 13 Loading 13 Loading 13 Loading 13 Loading 13 Loading 13 Loading 13 Loading 14 Loading 14 Loading 14 Loading 14 Loading 14 Loading 14 Loading 14 Loading 14 Loading 14 Loading 14 Loading 14 Loading 15 Loading 15 Loading 15 Loading 15 Loading 15 Loading 15 Loading 15 Loading 15 Loading 15 Loading 15 Loading 15 Loading 16 Loading 16 Loading 16 Loading 16 Loading 16 Loading 16 Loading 16 Loading 16 Loading 16 Loading 16 Loading 16 Loading 17 Loading 17 Loading 17 Loading 17 Loading 17 Loading 17 Loading 17 Loading 17 Loading 17 Loading 17 Loading 18 Loading 18 Loading 18 Loading 18 Loading 18 Loading 18 Loading 18 Loading 18 Loading 18 Loading 18 Loading 18 Loading 19 Loading 19 Loading 19 Loading 19 Loading 19 Loading 19 Loading 19 Loading 19 Loading 19 Loading 19 Loading 19 Loading 20 Loading 20 Loading 20 Loading 20 Loading 20 Loading 20 Loading 20 Loading 20 Loading 20 Loading 20 Loading 20 Loading 21 Loading 21 Loading 21 Loading 21 Loading 21 Loading 21 Loading 21 Loading 21 Loading 21 Loading 21 Loading 21 Loading 22 Loading 22 Loading 22 Loading 22 Loading 22 Loading 22 Loading 22 Loading 22 Loading 22 Loading 22 Loading 22 Loading 23 Loading 23 Loading 23 Loading 23 Loading 23 Loading 23 Loading 23 Loading 23 Loading 23 Loading 23 Loading 24 Loading 24 Loading 24 Loading 24 Loading 24 Loading 24 Loading 24 Loading 24 Loading 24 Loading 24 Loading 24 Loading 25 Loading 25 Loading 25 Loading 25 Loading 25 Loading 25 Loading 25 Loading 25 Loading 25 Loading 25 Loading 25 Loading 26 Loading 26 Loading 26 Loading 26 Loading 26 Loading 26 Loading 26 Loading 26 Loading 26 Loading 26 Loading 26 Loading 27 Loading 27 Loading 27 Loading 27 Loading 27 Loading 27 Loading 27 Loading 27 Loading 27 Loading 27 Loading 27 Loading 28 Loading 28 Loading 28 Loading 28 Loading 28 Loading 28 Loading 28 Loading 28 Loading 28 Loading 28 Loading 28 Loading 29 Loading 29 Loading 29 Loading 29 Loading 29 Loading 29 Loading 29 Loading 29 Loading 29 Loading 29 Loading 30 Loading 30 Loading 30 Loading 30 Loading 30 Loading 30 Loading 30 Loading 30 Loading 30 Loading 30 Loading 30 Loading 31 Loading 31 Loading 31 Loading 31 Loading 31 Loading 31 Loading 31 Loading 31 Loading 31 Loading 31 Loading 31 Loading 32 Loading 32 Loading 32 Loading 32 Loading 32 Loading 32 Loading 32 Loading 32 Loading 32 Loading 32 Loading 32 Loading 33 Loading 33 Loading 33 Loading 33 Loading 33 Loading 33 Loading 33 Loading 33 Loading 33 Loading 33 Loading 33 Loading 34 Loading 34 Loading 34 Loading 34 Loading 34 Loading 34 Loading 34 Loading 34 Loading 34 Loading 34 Loading 34 Loading 35 Loading 35 Loading 35 Loading 35 Loading 35 Loading 35 Loading 35 Loading 35 Loading 35 Loading 35 Loading 36 Loading 36 Loading 36 Loading 36 Loading 36 Loading 36 Loading 36 Loading 36 Loading 36 Loading 36 Loading 36 Loading 37 Loading 37 Loading 37 Loading 37 Loading 37 Loading 37 Loading 37 Loading 37 Loading 37 Loading 37 Loading 37 Loading 38 Loading 38 Loading 38 Loading 38 Loading 38 Loading 38 Loading 38 Loading 38 Loading 38 Loading 38 Loading 38 Loading 39 Loading 39 Loading 39 Loading 39 Loading 39 Loading 39 Loading 39 Loading 39 Loading 39 Loading 39 Loading 39 Loading 40 Loading 40 Loading 40 Loading 40 Loading 40 Loading 40 Loading 40 Loading 40 Loading 40 Loading 40 Loading 40 Loading 41 Loading 41 Loading 41 Loading 41 Loading 41 Loading 41 Loading 41 Loading 41 Loading 41 Loading 41 Loading 42 Loading 42 Loading 42 Loading 42 Loading 42 Loading 42 Loading 42 Loading 42 Loading 42 Loading 42 Loading 42 Loading 43 Loading 43 Loading 43 Loading 43 Loading 43 Loading 43 Loading 43 Loading 43 Loading 43 Loading 43 Loading 43 Loading 44 Loading 44 Loading 44 Loading 44 Loading 44 Loading 44 Loading 44 Loading 44 Loading 44 Loading 44 Loading 44 Loading 45 Loading 45 Loading 45 Loading 45 Loading 45 Loading 45 Loading 45 Loading 45 Loading 45 Loading 45 Loading 45 Loading 46 Loading 46 Loading 46 Loading 46 Loading 46 Loading 46 Loading 46 Loading 46 Loading 46 Loading 46 Loading 46 Loading 47 Loading 47 Loading 47 Loading 47 Loading 47 Loading 47 Loading 47 Loading 47 Loading 47 Loading 47 Loading 48 Loading 48 Loading 48 Loading 48 Loading 48 Loading 48 Loading 48 Loading 48 Loading 48 Loading 48 Loading 48 Loading 49 Loading 49 Loading 49 Loading 49 Loading 49 Loading 49 Loading 49 Loading 49 Loading 49 Loading 49 Loading 49 Loading 50 Loading 50 Loading 50 Loading 50 Loading 50 Loading 50 Loading 50 Loading 50 Loading 50 Loading 50 Loading 50 Loading 51 Loading 51 Loading 51 Loading 51 Loading 51 Loading 51 Loading 51 Loading 51 Loading 51 Loading 51 Loading 51 Loading 52 Loading 52 Loading 52 Loading 52 Loading 52 Loading 52 Loading 52 Loading 52 Loading 52 Loading 52 Loading 53 Loading 53 Loading 53 Loading 53 Loading 53 Loading 53 Loading 53 Loading 53 Loading 53 Loading 53 Loading 53 Loading 54 Loading 54 Loading 54 Loading 54 Loading 54 Loading 54 Loading 54 Loading 54 Loading 54 Loading 54 Loading 54 Loading 55 Loading 55 Loading 55 Loading 55 Loading 55 Loading 55 Loading 55 Loading 55 Loading 55 Loading 55 Loading 55 Loading 56 Loading 56 Loading 56 Loading 56 Loading 56 Loading 56 Loading 56 Loading 56 Loading 56 Loading 56 Loading 56 Loading 57 Loading 57 Loading 57 Loading 57 Loading 57 Loading 57 Loading 57 Loading 57 Loading 57 Loading 57 Loading 57 Loading 58 Loading 58 Loading 58 Loading 58 Loading 58 Loading 58 Loading 58 Loading 58 Loading 58 Loading 58 Loading 59 Loading 59 Loading 59 Loading 59 Loading 59 Loading 59 Loading 59 Loading 59 Loading 59 Loading 59 Loading 59 Loading 60 Loading 60 Loading 60 Loading 60 Loading 60 Loading 60 Loading 60 Loading 60 Loading 60 Loading 60 Loading 60 Loading 61 Loading 61 Loading 61 Loading 61 Loading 61 Loading 61 Loading 61 Loading 61 Loading 61 Loading 61 Loading 61 Loading 62 Loading 62 Loading 62 Loading 62 Loading 62 Loading 62 Loading 62 Loading 62 Loading 62 Loading 62 Loading 62 Loading 63 Loading 63 Loading 63 Loading 63 Loading 63 Loading 63 Loading 63 Loading 63 Loading 63 Loading 63 Loading 63 Loading 64 Loading 64 Loading 64 Loading 64 Loading 64 Loading 64 Loading 64 Loading 64 Loading 64 Loading 64 Loading 65 Loading 65 Loading 65 Loading 65 Loading 65 Loading 65 Loading 65 Loading 65 Loading 65 Loading 65 Loading 65 Loading 66 Loading 66 Loading 66 Loading 66 Loading 66 Loading 66 Loading 66 Loading 66 Loading 66 Loading 66 Loading 66 Loading 67 Loading 67 Loading 67 Loading 67 Loading 67 Loading 67 Loading 67 Loading 67 Loading 67 Loading 67 Loading 67 Loading 68 Loading 68 Loading 68 Loading 68 Loading 68 Loading 68 Loading 68 Loading 68 Loading 68 Loading 68 Loading 68 Loading 69 Loading 69 Loading 69 Loading 69 Loading 69 Loading 69 Loading 69 Loading 69 Loading 69 Loading 69 Loading 69 Loading 70 Loading 70 Loading 70 Loading 70 Loading 70 Loading 70 Loading 70 Loading 70 Loading 70 Loading 70 Loading 71 Loading 71 Loading 71 Loading 71 Loading 71 Loading 71 Loading 71 Loading 71 Loading 71 Loading 71 Loading 71 Loading 72 Loading 72 Loading 72 Loading 72 Loading 72 Loading 72 Loading 72 Loading 72 Loading 72 Loading 72 Loading 72 Loading 73 Loading 73 Loading 73 Loading 73 Loading 73 Loading 73 Loading 73 Loading 73 Loading 73 Loading 73 Loading 73 Loading 74 Loading 74 Loading 74 Loading 74 Loading 74 Loading 74 Loading 74 Loading 74 Loading 74 Loading 74 Loading 74 Loading 75 Loading 75 Loading 75 Loading 75 Loading 75 Loading 75 Loading 75 Loading 75 Loading 75 Loading 75 Loading 75 Loading 76 Loading 76 Loading 76 Loading 76 Loading 76 Loading 76 Loading 76 Loading 76 Loading 76 Loading 76 Loading 77 Loading 77 Loading 77 Loading 77 Loading 77 Loading 77 Loading 77 Loading 77 Loading 77 Loading 77 Loading 77 Loading 78 Loading 78 Loading 78 Loading 78 Loading 78 Loading 78 Loading 78 Loading 78 Loading 78 Loading 78 Loading 78 Loading 79 Loading 79 Loading 79 Loading 79 Loading 79 Loading 79 Loading 79 Loading 79 Loading 79 Loading 79 Loading 79 Loading 80 Loading 80 Loading 80 Loading 80 Loading 80 Loading 80 Loading 80 Loading 80 Loading 80 Loading 80 Loading 80 Loading 81 Loading 81 Loading 81 Loading 81 Loading 81 Loading 81 Loading 81 Loading 81 Loading 81 Loading 81 Loading 81 Loading 82 Loading 82 Loading 82 Loading 82 Loading 82 Loading 82 Loading 82 Loading 82 Loading 82 Loading 82 Loading 83 Loading 83 Loading 83 Loading 83 Loading 83 Loading 83 Loading 83 Loading 83 Loading 83 Loading 83 Loading 83 Loading 84 Loading 84 Loading 84 Loading 84 Loading 84 Loading 84 Loading 84 Loading 84 Loading 84 Loading 84 Loading 84 Loading 85 Loading 85 Loading 85 Loading 85 Loading 85 Loading 85 Loading 85 Loading 85 Loading 85 Loading 85 Loading 85 Loading 86 Loading 86 Loading 86 Loading 86 Loading 86 Loading 86 Loading 86 Loading 86 Loading 86 Loading 86 Loading 86 Loading 87 Loading 87 Loading 87 Loading 87 Loading 87 Loading 87 Loading 87 Loading 87 Loading 87 Loading 87 Loading 87 Loading 88 Loading 88 Loading 88 Loading 88 Loading 88 Loading 88 Loading 88 Loading 88 Loading 88 Loading 88 Loading 89 Loading 89 Loading 89 Loading 89 Loading 89 Loading 89 Loading 89 Loading 89 Loading 89 Loading 89 Loading 89 Loading 90 Loading 90 Loading 90 Loading 90 Loading 90 Loading 90 Loading 90 Loading 90 Loading 90 Loading 90 Loading 90 Loading 91 Loading 91 Loading 91 Loading 91 Loading 91 Loading 91 Loading 91 Loading 91 Loading 91 Loading 91 Loading 91 Loading 92 Loading 92 Loading 92 Loading 92 Loading 92 Loading 92 Loading 92 Loading 92 Loading 92 Loading 92 Loading 92 Loading 93 Loading 93 Loading 93 Loading 93 Loading 93 Loading 93 Loading 93 Loading 93 Loading 93 Loading 93 Loading 93 Loading 94 Loading 94 Loading 94 Loading 94 Loading 94 Loading 94 Loading 94 Loading 94 Loading 94 Loading 94 Loading 95 Loading 95 Loading 95 Loading 95 Loading 95 Loading 95 Loading 95 Loading 95 Loading 95 Loading 95 Loading 95 Loading 96 Loading 96 Loading 96 Loading 96 Loading 96 Loading 96 Loading 96 Loading 96 Loading 96 Loading 96 Loading 96 Loading 97 Loading 97 Loading 97 Loading 97 Loading 97 Loading 97 Loading 97 Loading 97 Loading 97 Loading 97 Loading 97 Loading 98 Loading 98 Loading 98 Loading 98 Loading 98 Loading 98 Loading 98 Loading 98 Loading 98 Loading 98 Loading 98 Loading 99 Loading 99 Loading 99 Loading 99 Loading 99 Loading 99 Loading 99 Loading 99 Loading 99 Loading 99 Loading 100
欢迎使用 gemma4 模型. 输入内容对话，reset清空历史记录，stop退出程序.
用户:
